R GIRI@MUNA-
DR GIRI@MUNA-PC MINGW32 ~
$ status
bash: status: command not found

DR GIRI@MUNA-PC MINGW32 ~
$ cd e:

DR GIRI@MUNA-PC MINGW32 /e
$ pwd
/e

DR GIRI@MUNA-PC MINGW32 /e
$ mkdir mygit

DR GIRI@MUNA-PC MINGW32 /e
$ cd mygit/

DR GIRI@MUNA-PC MINGW32 /e/mygit
$ git clone https://bitbucket.org/Mohantysura/atom.git
Cloning into 'atom'...
remote: Counting objects: 6, done.
remote: Compressing objects: 100% (5/5), done.
remote: Total 6 (delta 0), reused 0 (delta 0)
Unpacking objects: 100% (6/6), done.

DR GIRI@MUNA-PC MINGW32 /e/mygit
$ status
bash: status: command not found

DR GIRI@MUNA-PC MINGW32 /e/mygit
$ git status
fatal: Not a git repository (or any of the parent directories): .git

DR GIRI@MUNA-PC MINGW32 /e/mygit
$ cd..
bash: cd..: command not found

DR GIRI@MUNA-PC MINGW32 /e/mygit
$ pwd
/e/mygit

DR GIRI@MUNA-PC MINGW32 /e/mygit
$ cd atom

DR GIRI@MUNA-PC MINGW32 /e/mygit/atom (master)
$ git status
On branch master
Your branch is up to date with 'origin/master'.

nothing to commit, working tree clean

